interactions:
- request:
    body: '{"version": "a00d0b7dcbb9c3fbb34ba87d2d5b46c56969c84a628bf778a7fdaec30b1b99c5",
      "input": {"prompt": "a studio photo of a rainbow colored corgi", "width": 512,
      "height": 512, "seed": 42069}}'
    headers:
      accept:
      - '*/*'
      accept-encoding:
      - gzip, deflate
      connection:
      - keep-alive
      content-length:
      - '189'
      content-type:
      - application/json
      host:
      - api.replicate.com
      user-agent:
      - replicate-python/0.11.0
    method: POST
    uri: https://api.replicate.com/v1/predictions
  response:
    content: '{"id":"q6wgrytbhsc7dbdhwxhcyr7bue","version":"a00d0b7dcbb9c3fbb34ba87d2d5b46c56969c84a628bf778a7fdaec30b1b99c5","input":{"height":512,"prompt":"a
      studio photo of a rainbow colored corgi","seed":42069,"width":512},"logs":"","error":null,"status":"starting","created_at":"2023-08-16T18:53:35.44734244Z","urls":{"cancel":"https://api.replicate.com/v1/predictions/q6wgrytbhsc7dbdhwxhcyr7bue/cancel","get":"https://api.replicate.com/v1/predictions/q6wgrytbhsc7dbdhwxhcyr7bue"}}

      '
    headers:
      CF-Cache-Status:
      - DYNAMIC
      CF-RAY:
      - 7f7be1880e37c36c-SEA
      Connection:
      - keep-alive
      Content-Length:
      - '473'
      Content-Type:
      - application/json
      Date:
      - Wed, 16 Aug 2023 18:53:35 GMT
      NEL:
      - '{"success_fraction":0,"report_to":"cf-nel","max_age":604800}'
      Report-To:
      - '{"endpoints":[{"url":"https:\/\/a.nel.cloudflare.com\/report\/v3?s=SAj0Pdc%2Fasxp%2BRxiaoDZtqZeQEb9eI4jBK73R6zyOvM0rGuAM6yjOLjxJOio%2Bw6b6w9s2PwU8l3vP29M96DkvsF0wn6U%2FgSjIfKFdkhrw3uJ%2B7Jwah9tXPn25e1%2Bl3gPhH6o"}],"group":"cf-nel","max_age":604800}'
      Server:
      - cloudflare
      Strict-Transport-Security:
      - max-age=15552000
      ratelimit-remaining:
      - '599'
      ratelimit-reset:
      - '1'
      via:
      - 1.1 google
    http_version: HTTP/1.1
    status_code: 201
- request:
    body: ''
    headers:
      accept:
      - '*/*'
      accept-encoding:
      - gzip, deflate
      connection:
      - keep-alive
      host:
      - api.replicate.com
      user-agent:
      - replicate-python/0.11.0
    method: GET
    uri: https://api.replicate.com/v1/predictions/q6wgrytbhsc7dbdhwxhcyr7bue
  response:
    content: '{"id":"q6wgrytbhsc7dbdhwxhcyr7bue","version":"a00d0b7dcbb9c3fbb34ba87d2d5b46c56969c84a628bf778a7fdaec30b1b99c5","input":{"height":512,"prompt":"a
      studio photo of a rainbow colored corgi","seed":42069,"width":512},"logs":"","error":null,"status":"starting","created_at":"2023-08-16T18:53:35.44734244Z","urls":{"cancel":"https://api.replicate.com/v1/predictions/q6wgrytbhsc7dbdhwxhcyr7bue/cancel","get":"https://api.replicate.com/v1/predictions/q6wgrytbhsc7dbdhwxhcyr7bue"}}

      '
    headers:
      CF-Cache-Status:
      - DYNAMIC
      CF-RAY:
      - 7f7be18f2dd6c36c-SEA
      Connection:
      - keep-alive
      Content-Encoding:
      - gzip
      Content-Type:
      - application/json
      Date:
      - Wed, 16 Aug 2023 18:53:36 GMT
      NEL:
      - '{"success_fraction":0,"report_to":"cf-nel","max_age":604800}'
      Report-To:
      - '{"endpoints":[{"url":"https:\/\/a.nel.cloudflare.com\/report\/v3?s=tuMPptbEPBf84X4HeQcowfWQvHpcRwoS5PM4cYHy%2FifQ0XwIurhEyhHiDpbF8gLH%2BaCCfL71ZfIrlpwtH4ukFZ4Uj2UeHnDPp7wqon06254CywdwkqRPehAP7VPygQxPLJ0b"}],"group":"cf-nel","max_age":604800}'
      Server:
      - cloudflare
      Strict-Transport-Security:
      - max-age=15552000
      Transfer-Encoding:
      - chunked
      ratelimit-remaining:
      - '59999'
      ratelimit-reset:
      - '1'
      via:
      - 1.1 google
    http_version: HTTP/1.1
    status_code: 200
- request:
    body: ''
    headers:
      accept:
      - '*/*'
      accept-encoding:
      - gzip, deflate
      connection:
      - keep-alive
      host:
      - api.replicate.com
      user-agent:
      - replicate-python/0.11.0
    method: GET
    uri: https://api.replicate.com/v1/predictions/q6wgrytbhsc7dbdhwxhcyr7bue
  response:
    content: '{"id":"q6wgrytbhsc7dbdhwxhcyr7bue","version":"a00d0b7dcbb9c3fbb34ba87d2d5b46c56969c84a628bf778a7fdaec30b1b99c5","input":{"height":512,"prompt":"a
      studio photo of a rainbow colored corgi","seed":42069,"width":512},"logs":"","error":null,"status":"starting","created_at":"2023-08-16T18:53:35.44734244Z","urls":{"cancel":"https://api.replicate.com/v1/predictions/q6wgrytbhsc7dbdhwxhcyr7bue/cancel","get":"https://api.replicate.com/v1/predictions/q6wgrytbhsc7dbdhwxhcyr7bue"}}

      '
    headers:
      CF-Cache-Status:
      - DYNAMIC
      CF-RAY:
      - 7f7be1962dd3c36c-SEA
      Connection:
      - keep-alive
      Content-Encoding:
      - gzip
      Content-Type:
      - application/json
      Date:
      - Wed, 16 Aug 2023 18:53:37 GMT
      NEL:
      - '{"success_fraction":0,"report_to":"cf-nel","max_age":604800}'
      Report-To:
      - '{"endpoints":[{"url":"https:\/\/a.nel.cloudflare.com\/report\/v3?s=rmzgCK%2Fag%2BZ08BASdoiG8qB9wSO80rCmkQ0xeA1NuGbb14SLqQrfr0XUgM5EC8Et2eCbzAS%2BGR%2FFje4XFc4FjrghSkQ0mePbKOy8JZExCKDPTmxLhjwpF568c0AvkZckzoaK"}],"group":"cf-nel","max_age":604800}'
      Server:
      - cloudflare
      Strict-Transport-Security:
      - max-age=15552000
      Transfer-Encoding:
      - chunked
      ratelimit-remaining:
      - '59999'
      ratelimit-reset:
      - '1'
      via:
      - 1.1 google
    http_version: HTTP/1.1
    status_code: 200
- request:
    body: ''
    headers:
      accept:
      - '*/*'
      accept-encoding:
      - gzip, deflate
      connection:
      - keep-alive
      host:
      - api.replicate.com
      user-agent:
      - replicate-python/0.11.0
    method: GET
    uri: https://api.replicate.com/v1/predictions/q6wgrytbhsc7dbdhwxhcyr7bue
  response:
    content: '{"id":"q6wgrytbhsc7dbdhwxhcyr7bue","version":"a00d0b7dcbb9c3fbb34ba87d2d5b46c56969c84a628bf778a7fdaec30b1b99c5","input":{"height":512,"prompt":"a
      studio photo of a rainbow colored corgi","seed":42069,"width":512},"logs":"","error":null,"status":"starting","created_at":"2023-08-16T18:53:35.44734244Z","urls":{"cancel":"https://api.replicate.com/v1/predictions/q6wgrytbhsc7dbdhwxhcyr7bue/cancel","get":"https://api.replicate.com/v1/predictions/q6wgrytbhsc7dbdhwxhcyr7bue"}}

      '
    headers:
      CF-Cache-Status:
      - DYNAMIC
      CF-RAY:
      - 7f7be19d2d1ac36c-SEA
      Connection:
      - keep-alive
      Content-Encoding:
      - gzip
      Content-Type:
      - application/json
      Date:
      - Wed, 16 Aug 2023 18:53:38 GMT
      NEL:
      - '{"success_fraction":0,"report_to":"cf-nel","max_age":604800}'
      Report-To:
      - '{"endpoints":[{"url":"https:\/\/a.nel.cloudflare.com\/report\/v3?s=tqcupspk9bbAOLBfRs9lLQu1%2FP7RJU5SirjWpIoTH62vGNJvD2bUjRKPGlFfltP2UJRF7V8Nzu2G051pMFRzl%2BQlhggo07paHnlrcAkeY9Whzt8LM3NkHv9ulKV49MroDPaj"}],"group":"cf-nel","max_age":604800}'
      Server:
      - cloudflare
      Strict-Transport-Security:
      - max-age=15552000
      Transfer-Encoding:
      - chunked
      ratelimit-remaining:
      - '59999'
      ratelimit-reset:
      - '1'
      via:
      - 1.1 google
    http_version: HTTP/1.1
    status_code: 200
- request:
    body: ''
    headers:
      accept:
      - '*/*'
      accept-encoding:
      - gzip, deflate
      connection:
      - keep-alive
      host:
      - api.replicate.com
      user-agent:
      - replicate-python/0.11.0
    method: GET
    uri: https://api.replicate.com/v1/predictions/q6wgrytbhsc7dbdhwxhcyr7bue
  response:
    content: '{"id":"q6wgrytbhsc7dbdhwxhcyr7bue","version":"a00d0b7dcbb9c3fbb34ba87d2d5b46c56969c84a628bf778a7fdaec30b1b99c5","input":{"height":512,"prompt":"a
      studio photo of a rainbow colored corgi","seed":42069,"width":512},"logs":"","error":null,"status":"processing","created_at":"2023-08-16T18:53:35.447342Z","started_at":"2023-08-16T18:53:39.134272Z","urls":{"cancel":"https://api.replicate.com/v1/predictions/q6wgrytbhsc7dbdhwxhcyr7bue/cancel","get":"https://api.replicate.com/v1/predictions/q6wgrytbhsc7dbdhwxhcyr7bue"}}

      '
    headers:
      CF-Cache-Status:
      - DYNAMIC
      CF-RAY:
      - 7f7be1a43b66c36c-SEA
      Connection:
      - keep-alive
      Content-Encoding:
      - gzip
      Content-Type:
      - application/json
      Date:
      - Wed, 16 Aug 2023 18:53:39 GMT
      NEL:
      - '{"success_fraction":0,"report_to":"cf-nel","max_age":604800}'
      Report-To:
      - '{"endpoints":[{"url":"https:\/\/a.nel.cloudflare.com\/report\/v3?s=fKJT7%2FG8MPbFJjJ0ff6tUEKxxxVOsoMPPwaqCoRlT47WmGrb%2FZly4%2B8lhFW9NDL3eoUNmEREGJszbpqkYFWazq8QJPlIrGzC3g9Qe9EduwHirqr3M8%2Fm8H8ihFX%2Bp9%2B5CScw"}],"group":"cf-nel","max_age":604800}'
      Server:
      - cloudflare
      Strict-Transport-Security:
      - max-age=15552000
      Transfer-Encoding:
      - chunked
      ratelimit-remaining:
      - '59999'
      ratelimit-reset:
      - '1'
      via:
      - 1.1 google
    http_version: HTTP/1.1
    status_code: 200
- request:
    body: ''
    headers:
      accept:
      - '*/*'
      accept-encoding:
      - gzip, deflate
      connection:
      - keep-alive
      host:
      - api.replicate.com
      user-agent:
      - replicate-python/0.11.0
    method: GET
    uri: https://api.replicate.com/v1/predictions/q6wgrytbhsc7dbdhwxhcyr7bue
  response:
    content: "{\"id\":\"q6wgrytbhsc7dbdhwxhcyr7bue\",\"version\":\"a00d0b7dcbb9c3fbb34ba87d2d5b46c56969c84a628bf778a7fdaec30b1b99c5\",\"input\":{\"height\":512,\"prompt\":\"a
      studio photo of a rainbow colored corgi\",\"seed\":42069,\"width\":512},\"logs\":\"Using
      seed: 42069\\nPrompt: a studio photo of a rainbow colored corgi\\ntxt2img mode\\n
      \ 0%|          | 0/50 [00:00\\u003c?, ?it/s]\\n  4%|\u258D         | 2/50 [00:00\\u003c00:02,
      16.92it/s]\\n  8%|\u258A         | 4/50 [00:00\\u003c00:02, 16.95it/s]\\n 12%|\u2588\u258F
      \       | 6/50 [00:00\\u003c00:02, 16.97it/s]\\n 16%|\u2588\u258C        | 8/50
      [00:00\\u003c00:02, 16.97it/s]\\n 20%|\u2588\u2588        | 10/50 [00:00\\u003c00:02,
      16.98it/s]\\n 24%|\u2588\u2588\u258D       | 12/50 [00:00\\u003c00:02, 16.96it/s]\\n
      28%|\u2588\u2588\u258A       | 14/50 [00:00\\u003c00:02, 16.95it/s]\\n 32%|\u2588\u2588\u2588\u258F
      \     | 16/50 [00:00\\u003c00:02, 16.93it/s]\\n 36%|\u2588\u2588\u2588\u258C
      \     | 18/50 [00:01\\u003c00:01, 16.92it/s]\\n 40%|\u2588\u2588\u2588\u2588
      \     | 20/50 [00:01\\u003c00:01, 16.91it/s]\\n 44%|\u2588\u2588\u2588\u2588\u258D
      \    | 22/50 [00:01\\u003c00:01, 16.90it/s]\\n 48%|\u2588\u2588\u2588\u2588\u258A
      \    | 24/50 [00:01\\u003c00:01, 16.89it/s]\\n 52%|\u2588\u2588\u2588\u2588\u2588\u258F
      \   | 26/50 [00:01\\u003c00:01, 16.88it/s]\\n\",\"error\":null,\"status\":\"processing\",\"created_at\":\"2023-08-16T18:53:35.447342Z\",\"started_at\":\"2023-08-16T18:53:39.134272Z\",\"urls\":{\"cancel\":\"https://api.replicate.com/v1/predictions/q6wgrytbhsc7dbdhwxhcyr7bue/cancel\",\"get\":\"https://api.replicate.com/v1/predictions/q6wgrytbhsc7dbdhwxhcyr7bue\"}}\n"
    headers:
      CF-Cache-Status:
      - DYNAMIC
      CF-RAY:
      - 7f7be1ab3a3dc36c-SEA
      Connection:
      - keep-alive
      Content-Encoding:
      - gzip
      Content-Type:
      - application/json
      Date:
      - Wed, 16 Aug 2023 18:53:41 GMT
      NEL:
      - '{"success_fraction":0,"report_to":"cf-nel","max_age":604800}'
      Report-To:
      - '{"endpoints":[{"url":"https:\/\/a.nel.cloudflare.com\/report\/v3?s=CeVU99ojztNjKCzEYkB3nZrgzBzzInby1S%2BBp%2FenSTBgAC6gVDwgdXvl%2FVKDw9DpewJANBfEzWI0aNAUmvWsJAWEbWftDLoQmLPWZK1qL0CXxVFe4n3OZJSL%2BPlu5mapiAXh"}],"group":"cf-nel","max_age":604800}'
      Server:
      - cloudflare
      Strict-Transport-Security:
      - max-age=15552000
      Transfer-Encoding:
      - chunked
      ratelimit-remaining:
      - '59999'
      ratelimit-reset:
      - '1'
      via:
      - 1.1 google
    http_version: HTTP/1.1
    status_code: 200
- request:
    body: ''
    headers:
      accept:
      - '*/*'
      accept-encoding:
      - gzip, deflate
      connection:
      - keep-alive
      host:
      - api.replicate.com
      user-agent:
      - replicate-python/0.11.0
    method: GET
    uri: https://api.replicate.com/v1/predictions/q6wgrytbhsc7dbdhwxhcyr7bue
  response:
    content: "{\"id\":\"q6wgrytbhsc7dbdhwxhcyr7bue\",\"version\":\"a00d0b7dcbb9c3fbb34ba87d2d5b46c56969c84a628bf778a7fdaec30b1b99c5\",\"input\":{\"height\":512,\"prompt\":\"a
      studio photo of a rainbow colored corgi\",\"seed\":42069,\"width\":512},\"logs\":\"Using
      seed: 42069\\nPrompt: a studio photo of a rainbow colored corgi\\ntxt2img mode\\n
      \ 0%|          | 0/50 [00:00\\u003c?, ?it/s]\\n  4%|\u258D         | 2/50 [00:00\\u003c00:02,
      16.92it/s]\\n  8%|\u258A         | 4/50 [00:00\\u003c00:02, 16.95it/s]\\n 12%|\u2588\u258F
      \       | 6/50 [00:00\\u003c00:02, 16.97it/s]\\n 16%|\u2588\u258C        | 8/50
      [00:00\\u003c00:02, 16.97it/s]\\n 20%|\u2588\u2588        | 10/50 [00:00\\u003c00:02,
      16.98it/s]\\n 24%|\u2588\u2588\u258D       | 12/50 [00:00\\u003c00:02, 16.96it/s]\\n
      28%|\u2588\u2588\u258A       | 14/50 [00:00\\u003c00:02, 16.95it/s]\\n 32%|\u2588\u2588\u2588\u258F
      \     | 16/50 [00:00\\u003c00:02, 16.93it/s]\\n 36%|\u2588\u2588\u2588\u258C
      \     | 18/50 [00:01\\u003c00:01, 16.92it/s]\\n 40%|\u2588\u2588\u2588\u2588
      \     | 20/50 [00:01\\u003c00:01, 16.91it/s]\\n 44%|\u2588\u2588\u2588\u2588\u258D
      \    | 22/50 [00:01\\u003c00:01, 16.90it/s]\\n 48%|\u2588\u2588\u2588\u2588\u258A
      \    | 24/50 [00:01\\u003c00:01, 16.89it/s]\\n 52%|\u2588\u2588\u2588\u2588\u2588\u258F
      \   | 26/50 [00:01\\u003c00:01, 16.88it/s]\\n 56%|\u2588\u2588\u2588\u2588\u2588\u258C
      \   | 28/50 [00:01\\u003c00:01, 16.88it/s]\\n 60%|\u2588\u2588\u2588\u2588\u2588\u2588
      \   | 30/50 [00:01\\u003c00:01, 16.89it/s]\\n 64%|\u2588\u2588\u2588\u2588\u2588\u2588\u258D
      \  | 32/50 [00:01\\u003c00:01, 16.88it/s]\\n 68%|\u2588\u2588\u2588\u2588\u2588\u2588\u258A
      \  | 34/50 [00:02\\u003c00:00, 16.88it/s]\\n 72%|\u2588\u2588\u2588\u2588\u2588\u2588\u2588\u258F
      \ | 36/50 [00:02\\u003c00:00, 16.87it/s]\\n 76%|\u2588\u2588\u2588\u2588\u2588\u2588\u2588\u258C
      \ | 38/50 [00:02\\u003c00:00, 16.87it/s]\\n 80%|\u2588\u2588\u2588\u2588\u2588\u2588\u2588\u2588
      \ | 40/50 [00:02\\u003c00:00, 16.87it/s]\\n 84%|\u2588\u2588\u2588\u2588\u2588\u2588\u2588\u2588\u258D
      | 42/50 [00:02\\u003c00:00, 16.88it/s]\\n 88%|\u2588\u2588\u2588\u2588\u2588\u2588\u2588\u2588\u258A
      | 44/50 [00:02\\u003c00:00, 16.84it/s]\\n 92%|\u2588\u2588\u2588\u2588\u2588\u2588\u2588\u2588\u2588\u258F|
      46/50 [00:02\\u003c00:00, 16.84it/s]\\n\",\"error\":null,\"status\":\"processing\",\"created_at\":\"2023-08-16T18:53:35.447342Z\",\"started_at\":\"2023-08-16T18:53:39.134272Z\",\"urls\":{\"cancel\":\"https://api.replicate.com/v1/predictions/q6wgrytbhsc7dbdhwxhcyr7bue/cancel\",\"get\":\"https://api.replicate.com/v1/predictions/q6wgrytbhsc7dbdhwxhcyr7bue\"}}\n"
    headers:
      CF-Cache-Status:
      - DYNAMIC
      CF-RAY:
      - 7f7be1b2399ac36c-SEA
      Connection:
      - keep-alive
      Content-Encoding:
      - gzip
      Content-Type:
      - application/json
      Date:
      - Wed, 16 Aug 2023 18:53:42 GMT
      NEL:
      - '{"success_fraction":0,"report_to":"cf-nel","max_age":604800}'
      Report-To:
      - '{"endpoints":[{"url":"https:\/\/a.nel.cloudflare.com\/report\/v3?s=cnXwr2fGoOGses7UdCbdHIYRc92LSLG%2BRRw%2Fvug4D%2BPSWS%2BBuGn7eCSZeP20%2B1pFE7c63Qz5ucowTGiX93nt%2BzL5cOom8nFk9cNfYEU29Y2Cla72FArZRbF91rlqIA41UToU"}],"group":"cf-nel","max_age":604800}'
      Server:
      - cloudflare
      Strict-Transport-Security:
      - max-age=15552000
      Transfer-Encoding:
      - chunked
      ratelimit-remaining:
      - '59999'
      ratelimit-reset:
      - '1'
      via:
      - 1.1 google
    http_version: HTTP/1.1
    status_code: 200
- request:
    body: ''
    headers:
      accept:
      - '*/*'
      accept-encoding:
      - gzip, deflate
      connection:
      - keep-alive
      host:
      - api.replicate.com
      user-agent:
      - replicate-python/0.11.0
    method: GET
    uri: https://api.replicate.com/v1/predictions/q6wgrytbhsc7dbdhwxhcyr7bue
  response:
    content: "{\"id\":\"q6wgrytbhsc7dbdhwxhcyr7bue\",\"version\":\"a00d0b7dcbb9c3fbb34ba87d2d5b46c56969c84a628bf778a7fdaec30b1b99c5\",\"input\":{\"height\":512,\"prompt\":\"a
      studio photo of a rainbow colored corgi\",\"seed\":42069,\"width\":512},\"logs\":\"Using
      seed: 42069\\nPrompt: a studio photo of a rainbow colored corgi\\ntxt2img mode\\n
      \ 0%|          | 0/50 [00:00\\u003c?, ?it/s]\\n  4%|\u258D         | 2/50 [00:00\\u003c00:02,
      16.92it/s]\\n  8%|\u258A         | 4/50 [00:00\\u003c00:02, 16.95it/s]\\n 12%|\u2588\u258F
      \       | 6/50 [00:00\\u003c00:02, 16.97it/s]\\n 16%|\u2588\u258C        | 8/50
      [00:00\\u003c00:02, 16.97it/s]\\n 20%|\u2588\u2588        | 10/50 [00:00\\u003c00:02,
      16.98it/s]\\n 24%|\u2588\u2588\u258D       | 12/50 [00:00\\u003c00:02, 16.96it/s]\\n
      28%|\u2588\u2588\u258A       | 14/50 [00:00\\u003c00:02, 16.95it/s]\\n 32%|\u2588\u2588\u2588\u258F
      \     | 16/50 [00:00\\u003c00:02, 16.93it/s]\\n 36%|\u2588\u2588\u2588\u258C
      \     | 18/50 [00:01\\u003c00:01, 16.92it/s]\\n 40%|\u2588\u2588\u2588\u2588
      \     | 20/50 [00:01\\u003c00:01, 16.91it/s]\\n 44%|\u2588\u2588\u2588\u2588\u258D
      \    | 22/50 [00:01\\u003c00:01, 16.90it/s]\\n 48%|\u2588\u2588\u2588\u2588\u258A
      \    | 24/50 [00:01\\u003c00:01, 16.89it/s]\\n 52%|\u2588\u2588\u2588\u2588\u2588\u258F
      \   | 26/50 [00:01\\u003c00:01, 16.88it/s]\\n 56%|\u2588\u2588\u2588\u2588\u2588\u258C
      \   | 28/50 [00:01\\u003c00:01, 16.88it/s]\\n 60%|\u2588\u2588\u2588\u2588\u2588\u2588
      \   | 30/50 [00:01\\u003c00:01, 16.89it/s]\\n 64%|\u2588\u2588\u2588\u2588\u2588\u2588\u258D
      \  | 32/50 [00:01\\u003c00:01, 16.88it/s]\\n 68%|\u2588\u2588\u2588\u2588\u2588\u2588\u258A
      \  | 34/50 [00:02\\u003c00:00, 16.88it/s]\\n 72%|\u2588\u2588\u2588\u2588\u2588\u2588\u2588\u258F
      \ | 36/50 [00:02\\u003c00:00, 16.87it/s]\\n 76%|\u2588\u2588\u2588\u2588\u2588\u2588\u2588\u258C
      \ | 38/50 [00:02\\u003c00:00, 16.87it/s]\\n 80%|\u2588\u2588\u2588\u2588\u2588\u2588\u2588\u2588
      \ | 40/50 [00:02\\u003c00:00, 16.87it/s]\\n 84%|\u2588\u2588\u2588\u2588\u2588\u2588\u2588\u2588\u258D
      | 42/50 [00:02\\u003c00:00, 16.88it/s]\\n 88%|\u2588\u2588\u2588\u2588\u2588\u2588\u2588\u2588\u258A
      | 44/50 [00:02\\u003c00:00, 16.84it/s]\\n 92%|\u2588\u2588\u2588\u2588\u2588\u2588\u2588\u2588\u2588\u258F|
      46/50 [00:02\\u003c00:00, 16.84it/s]\\n 96%|\u2588\u2588\u2588\u2588\u2588\u2588\u2588\u2588\u2588\u258C|
      48/50 [00:02\\u003c00:00, 16.84it/s]\\n100%|\u2588\u2588\u2588\u2588\u2588\u2588\u2588\u2588\u2588\u2588|
      50/50 [00:02\\u003c00:00, 16.84it/s]\\n100%|\u2588\u2588\u2588\u2588\u2588\u2588\u2588\u2588\u2588\u2588|
      50/50 [00:02\\u003c00:00, 16.89it/s]\\n\",\"output\":[\"https://replicate.delivery/pbxt/DrIrmUBWOSqrMhGKd86thpGwe8paOezCVyxDf1Xqq3eaTzqFB/out-0.png\"],\"error\":null,\"status\":\"succeeded\",\"created_at\":\"2023-08-16T18:53:35.447342Z\",\"started_at\":\"2023-08-16T18:53:39.134272Z\",\"completed_at\":\"2023-08-16T18:53:42.963443Z\",\"metrics\":{\"predict_time\":3.829171},\"urls\":{\"cancel\":\"https://api.replicate.com/v1/predictions/q6wgrytbhsc7dbdhwxhcyr7bue/cancel\",\"get\":\"https://api.replicate.com/v1/predictions/q6wgrytbhsc7dbdhwxhcyr7bue\"}}\n"
    headers:
      CF-Cache-Status:
      - DYNAMIC
      CF-RAY:
      - 7f7be1b93848c36c-SEA
      Connection:
      - keep-alive
      Content-Encoding:
      - gzip
      Content-Type:
      - application/json
      Date:
      - Wed, 16 Aug 2023 18:53:43 GMT
      NEL:
      - '{"success_fraction":0,"report_to":"cf-nel","max_age":604800}'
      Report-To:
      - '{"endpoints":[{"url":"https:\/\/a.nel.cloudflare.com\/report\/v3?s=8I9pqHPM10Xwv1IdKd5%2FToSOpMDf0eohrOEh%2BsLbbRA1ZLkv0aLYesjYJrRxGk0Grbb0Dh9HlAkgx6DS3AkWUZD6tD5jSEy%2BqbxyDCFqzxQ2htQrv%2B0yXeh45r4BupCeBg7h"}],"group":"cf-nel","max_age":604800}'
      Server:
      - cloudflare
      Strict-Transport-Security:
      - max-age=15552000
      Transfer-Encoding:
      - chunked
      ratelimit-remaining:
      - '59999'
      ratelimit-reset:
      - '1'
      via:
      - 1.1 google
    http_version: HTTP/1.1
    status_code: 200
version: 1
